\set ECHO None
   
--
-- check aggregates
--
-- FIXME
--
ROLLBACK;
